// Jest Snapshot v1, https://goo.gl/fbAQLP

exports[`should render EditExpensePage correct 1`] = `
<div>
  <ExpenseForm
    expense={
      Object {
        "amount": 195,
        "createAt": 0,
        "description": "Dum",
        "id": "1",
        "notes": "",
      }
    }
    onSubmit={[Function]}
  />
  <button
    onClick={[Function]}
  >
    Remove
  </button>
</div>
`;
