// Jest Snapshot v1, https://goo.gl/fbAQLP

exports[`should render ExpenseItem with expense 1`] = `
<tr>
  <td>
    Dum
  </td>
  <td />
  <td>
    195
  </td>
  <td>
    0
  </td>
  <td>
    <[object Object]
      to="/edit/1"
    >
      Edit
    </[object Object]>
  </td>
</tr>
`;
