// Jest Snapshot v1, https://goo.gl/fbAQLP

exports[`should render PageNotFound 1`] = `
<div>
  404 page - 
  <[object Object]
    to="/"
  >
    Home page
  </[object Object]>
</div>
`;
